<html>
<body>
<pre>
<h1>µVision Build Log</h1>
<h2>Project:</h2>
E:\º½Ä£\Ô´Âë\Ä£¿é²âÊÔ\uart\uart.uvproj
Project File Date:  07/17/2013

<h2>Output:</h2>
compiling uart.c...
.\modules\interface\crtp.h(63): warning:  #40-D: expected an identifier
.\modules\interface\crtp.h(64): warning:  #40-D: expected an identifier
.\modules\interface\crtp.h(66): warning:  #40-D: expected an identifier
.\modules\interface\crtp.h(68): warning:  #40-D: expected an identifier
.\hal\interface\uart.h(32): error:  #5: cannot open source input file "eprintf.h": No such file or directory
hal\src\uart.c - 1 Error(s), 4 Warning(s).
compiling uart.c...
.\hal\interface\uart.h(65): warning:  #1295-D: Deprecated declaration uartGetLink - give arg types
hal\src\uart.c(43): error:  #5: cannot open source input file "cfassert.h": No such file or directory
hal\src\uart.c - 1 Error(s), 1 Warning(s).
compiling uart.c...
.\config\config.h(44): error:  #5: cannot open source input file "drivers/nrf24l01.h": No such file or directory
hal\src\uart.c - 1 Error(s), 0 Warning(s).
compiling uart.c...
hal\src\uart.c(145): warning:  #191-D: type qualifier is meaningless on cast type
hal\src\uart.c(223): warning:  #223-D: function "ASSERT" declared implicitly
hal\src\uart.c(60): warning:  #550-D: variable "txState" was set but never used
hal\src\uart.c - 0 Error(s), 3 Warning(s).
compiling uart.c...
hal\src\uart.c(60): warning:  #550-D: variable "txState" was set but never used
hal\src\uart.c - 0 Error(s), 1 Warning(s).
compiling uart.c...
hal\src\uart.c(56): warning:  #550-D: variable "txState" was set but never used
hal\src\uart.c - 0 Error(s), 1 Warning(s).
Rebuild target 'uart'
compiling main.c...
init\main.c(14): warning:  #951-D: return type of function "main" must be "int"
init\main.c(17): warning:  #1-D: last line of file ends without a newline
compiling misc.c...
compiling stm32f10x_gpio.c...
compiling stm32f10x_rcc.c...
compiling stm32f10x_usart.c...
compiling stm32f10x_dma.c...
compiling uart.c...
hal\src\uart.c(56): warning:  #550-D: variable "txState" was set but never used
assembling startup_stm32f10x_md.s...
compiling list.c...
compiling queue.c...
compiling tasks.c...
compiling timers.c...
compiling heap_4.c...
compiling port.c...
compiling core_cm3.c...
compiling system_stm32f10x.c...
linking...
.\bin\uart.axf: Error: L6218E: Undefined symbol debugSendTraceInfo (referred from tasks.o).
.\bin\uart.axf: Error: L6218E: Undefined symbol vApplicationStackOverflowHook (referred from tasks.o).
Target not created
compiling main.c...
init\main.c(19): warning:  #111-D: statement is unreachable
init\main.c(20): warning:  #1-D: last line of file ends without a newline
init\main.c - 0 Error(s), 2 Warning(s).
compiling main.c...
init\main.c(20): warning:  #1-D: last line of file ends without a newline
init\main.c - 0 Error(s), 1 Warning(s).
compiling main.c...
init\main.c - 0 Error(s), 0 Warning(s).
Rebuild target 'uart'
compiling main.c...
compiling misc.c...
compiling stm32f10x_gpio.c...
compiling stm32f10x_rcc.c...
compiling stm32f10x_usart.c...
compiling stm32f10x_dma.c...
compiling uart.c...
hal\src\uart.c(56): warning:  #550-D: variable "txState" was set but never used
assembling startup_stm32f10x_md.s...
compiling list.c...
compiling queue.c...
compiling tasks.c...
compiling timers.c...
compiling heap_4.c...
compiling port.c...
compiling core_cm3.c...
compiling system_stm32f10x.c...
linking...
.\bin\uart.axf: Error: L6218E: Undefined symbol debugSendTraceInfo (referred from tasks.o).
.\bin\uart.axf: Error: L6218E: Undefined symbol vApplicationStackOverflowHook (referred from tasks.o).
Target not created
compiling uart.c...
hal\src\uart.c(56): warning:  #550-D: variable "txState" was set but never used
hal\src\uart.c - 0 Error(s), 1 Warning(s).
Rebuild target 'uart'
compiling main.c...
compiling misc.c...
compiling stm32f10x_gpio.c...
compiling stm32f10x_rcc.c...
compiling stm32f10x_usart.c...
compiling stm32f10x_dma.c...
compiling uart.c...
hal\src\uart.c(56): warning:  #550-D: variable "txState" was set but never used
assembling startup_stm32f10x_md.s...
compiling list.c...
compiling queue.c...
compiling tasks.c...
compiling timers.c...
compiling heap_4.c...
compiling port.c...
compiling core_cm3.c...
compiling system_stm32f10x.c...
linking...
.\bin\uart.axf: Error: L6218E: Undefined symbol debugSendTraceInfo (referred from tasks.o).
.\bin\uart.axf: Error: L6218E: Undefined symbol vApplicationStackOverflowHook (referred from tasks.o).
Target not created
Rebuild target 'uart'
compiling main.c...
compiling misc.c...
compiling stm32f10x_gpio.c...
compiling stm32f10x_rcc.c...
compiling stm32f10x_usart.c...
compiling stm32f10x_dma.c...
compiling uart.c...
hal\src\uart.c(56): warning:  #550-D: variable "txState" was set but never used
assembling startup_stm32f10x_md.s...
compiling list.c...
compiling queue.c...
compiling tasks.c...
compiling timers.c...
compiling heap_4.c...
compiling port.c...
compiling core_cm3.c...
compiling system_stm32f10x.c...
linking...
.\bin\uart.axf: Error: L6218E: Undefined symbol debugSendTraceInfo (referred from tasks.o).
.\bin\uart.axf: Error: L6218E: Undefined symbol vApplicationStackOverflowHook (referred from tasks.o).
Target not created
Rebuild target 'uart'
compiling main.c...
compiling misc.c...
compiling stm32f10x_gpio.c...
compiling stm32f10x_rcc.c...
compiling stm32f10x_usart.c...
compiling stm32f10x_dma.c...
compiling uart.c...
hal\src\uart.c(56): warning:  #550-D: variable "txState" was set but never used
assembling startup_stm32f10x_md.s...
compiling list.c...
compiling queue.c...
compiling tasks.c...
compiling timers.c...
compiling heap_4.c...
compiling port.c...
compiling core_cm3.c...
compiling system_stm32f10x.c...
linking...
.\bin\uart.axf: Error: L6218E: Undefined symbol vApplicationStackOverflowHook (referred from tasks.o).
Target not created
Rebuild target 'uart'
compiling main.c...
compiling misc.c...
compiling stm32f10x_gpio.c...
compiling stm32f10x_rcc.c...
compiling stm32f10x_usart.c...
compiling stm32f10x_dma.c...
compiling uart.c...
hal\src\uart.c(56): warning:  #550-D: variable "txState" was set but never used
assembling startup_stm32f10x_md.s...
compiling list.c...
compiling queue.c...
compiling tasks.c...
compiling timers.c...
compiling heap_4.c...
compiling port.c...
compiling core_cm3.c...
compiling system_stm32f10x.c...
linking...
.\bin\uart.axf: Error: L6218E: Undefined symbol vApplicationStackOverflowHook (referred from tasks.o).
Target not created
Rebuild target 'uart'
compiling main.c...
compiling misc.c...
compiling stm32f10x_gpio.c...
compiling stm32f10x_rcc.c...
compiling stm32f10x_usart.c...
compiling stm32f10x_dma.c...
compiling uart.c...
hal\src\uart.c(56): warning:  #550-D: variable "txState" was set but never used
assembling startup_stm32f10x_md.s...
compiling list.c...
compiling queue.c...
compiling tasks.c...
compiling timers.c...
compiling heap_4.c...
compiling port.c...
compiling core_cm3.c...
compiling system_stm32f10x.c...
linking...
Program Size: Code=10632 RO-data=268 RW-data=156 ZI-data=16940  
FromELF: creating hex file...
".\bin\uart.axf" - 0 Error(s), 1 Warning(s).
Rebuild target 'uart'
compiling main.c...
compiling misc.c...
compiling stm32f10x_gpio.c...
compiling stm32f10x_rcc.c...
compiling stm32f10x_usart.c...
compiling stm32f10x_dma.c...
compiling uart.c...
hal\src\uart.c(56): warning:  #550-D: variable "txState" was set but never used
compiling freeRTOSdebug.c...
hal\src\freeRTOSdebug.c(31): error:  #5: cannot open source input file "console.h": No such file or directory
assembling startup_stm32f10x_md.s...
compiling list.c...
compiling queue.c...
compiling tasks.c...
compiling timers.c...
compiling heap_4.c...
compiling port.c...
compiling core_cm3.c...
compiling system_stm32f10x.c...
Target not created
Rebuild target 'uart'
compiling main.c...
compiling misc.c...
compiling stm32f10x_gpio.c...
compiling stm32f10x_rcc.c...
compiling stm32f10x_usart.c...
compiling stm32f10x_dma.c...
compiling uart.c...
hal\src\uart.c(56): warning:  #550-D: variable "txState" was set but never used
compiling freeRTOSdebug.c...
.\modules\interface\crtp.h(48): error:  #20: identifier "uint8_t" is undefined
.\modules\interface\crtp.h(49): error:  #20: identifier "uint8_t" is undefined
.\modules\interface\crtp.h(51): error:  #20: identifier "uint8_t" is undefined
.\modules\interface\crtp.h(52): error:  #20: identifier "uint8_t" is undefined
.\modules\interface\crtp.h(53): error:  #20: identifier "uint8_t" is undefined
.\modules\interface\crtp.h(59): error:  #20: identifier "uint8_t" is undefined
.\modules\interface\crtp.h(60): error:  #20: identifier "uint8_t" is undefined
.\hal\interface\uart.h(76): error:  #20: identifier "uint32_t" is undefined
.\hal\interface\uart.h(76): error:  #20: identifier "uint8_t" is undefined
.\hal\interface\uart.h(105): error:  #20: identifier "uint32_t" is undefined
.\hal\interface\uart.h(105): error:  #20: identifier "uint8_t" is undefined
assembling startup_stm32f10x_md.s...
compiling list.c...
compiling queue.c...
compiling tasks.c...
compiling timers.c...
compiling heap_4.c...
compiling port.c...
compiling core_cm3.c...
compiling system_stm32f10x.c...
Target not created
Rebuild target 'uart'
compiling main.c...
compiling misc.c...
compiling stm32f10x_gpio.c...
compiling stm32f10x_rcc.c...
compiling stm32f10x_usart.c...
compiling stm32f10x_dma.c...
compiling uart.c...
hal\src\uart.c(56): warning:  #550-D: variable "txState" was set but never used
compiling freeRTOSdebug.c...
assembling startup_stm32f10x_md.s...
compiling list.c...
compiling queue.c...
compiling tasks.c...
compiling timers.c...
compiling heap_4.c...
compiling port.c...
compiling core_cm3.c...
compiling system_stm32f10x.c...
linking...
Program Size: Code=10860 RO-data=268 RW-data=156 ZI-data=17020  
FromELF: creating hex file...
".\bin\uart.axf" - 0 Error(s), 1 Warning(s).
